Removed Pin From Net: NetName=NetC4_2 Pin=J17-1
Removed Pin From Net: NetName=GND Pin=J17-2
Removed Member From Class: ClassName=Sheet2 Member=J17
Removed Member From Class: ClassName=Sheet2 Member=J19
Removed Member From Class: ClassName=Sheet2 Member=J21
Removed Member From Class: ClassName=Sheet2 Member=J22
Removed Member From Class: ClassName=Sheet2 Member=J23
Removed Member From Class: ClassName=Sheet2 Member=J24
Removed Member From Class: ClassName=Sheet2 Member=J25
Removed Member From Class: ClassName=Sheet2 Member=J26
Removed Member From Class: ClassName=Sheet2 Member=J27
Removed Member From Class: ClassName=Sheet2 Member=J28
Removed Member From Class: ClassName=Sheet2 Member=J29
Removed Member From Class: ClassName=Sheet2 Member=J30
Removed Member From Class: ClassName=Sheet2 Member=J31
Removed Member From Class: ClassName=Sheet2 Member=J32
Removed Member From Class: ClassName=Sheet2 Member=J33
Removed Member From Class: ClassName=Sheet2 Member=J34
Removed Member From Class: ClassName=Sheet2 Member=J35
Removed Member From Class: ClassName=Sheet2 Member=J36
Removed Member From Class: ClassName=Sheet2 Member=J37
Removed Member From Class: ClassName=Sheet2 Member=J38
Added Member To Class: ClassName=Sheet1 Member=Component D11 1N4001-T
Added Member To Class: ClassName=Sheet1 Member=Component L11 TLLG4400
Added Member To Class: ClassName=Sheet1 Member=Component R12 1K
