Removed Pin From Net: NetName=GND_MCU Pin=C12-1
Removed Pin From Net: NetName=GND_MCU Pin=C13-2
Removed Pin From Net: NetName=15v Pin=J10-1
Removed Pin From Net: NetName=GND_MCU Pin=J10-2
Removed Pin From Net: NetName=15v Pin=J20-1
Removed Pin From Net: NetName=GND_MCU Pin=J20-2
Removed Pin From Net: NetName=GND_MCU Pin=L12-1
Removed Pin From Net: NetName=GND_MCU Pin=L13-2
Change Component Designator: OldDesignator=C11 NewDesignator=C101
Change Component Designator: OldDesignator=D11 NewDesignator=D101
Change Component Designator: OldDesignator=L11 NewDesignator=L101
Added Component: Designator=J100(Terminal_TH_2P_3.50)
Add component (AddParameter): Name = "Arrow Part Number"; Value = "TB004-508-02BE"; VariantName = "[No Variations]"
Add component (AddParameter): Name = "Arrow Price/Stock"; Value = "https://www.arrow.com/en/products/tb004-508-02be/cui-inc"; VariantName = "[No Variations]"
Add component (AddParameter): Name = "Datasheet Link"; Value = "https://componentsearchengine.com/Datasheets/1/TB004-508-02BE.pdf"; VariantName = "[No Variations]"
Add component (AddParameter): Name = "Height"; Value = "14.1mm"; VariantName = "[No Variations]"
Add component (AddParameter): Name = "Manufacturer_Name"; Value = "CUI Devices"; VariantName = "[No Variations]"
Add component (AddParameter): Name = "Manufacturer_Part_Number"; Value = "TB004-508-02BE"; VariantName = "[No Variations]"
Add component (AddParameter): Name = "Mouser Part Number"; Value = "490-TB004-508-02BE"; VariantName = "[No Variations]"
Add component (AddParameter): Name = "Mouser Price/Stock"; Value = "https://www.mouser.co.uk/ProductDetail/CUI-Devices/TB004-508-02BE?qs=vLWxofP3U2zLwdGzG2tSkA%3D%3D"; VariantName = "[No Variations]"
Added Pin To Net: NetName=15v Pin=J100-1
Added Pin To Net: NetName=GND_MCU Pin=J100-2
Added Member To Class: ClassName=Sheet2 Member=Component J21 1546551-3
Added Member To Class: ClassName=Sheet2 Member=Component J31 1546551-3
Added Member To Class: ClassName=Sheet1 Member=Component R12 1K
