Change Component Designator: OldDesignator=C1 NewDesignator=C11
Change Component Designator: OldDesignator=C2 NewDesignator=C12
Change Component Designator: OldDesignator=C3 NewDesignator=C13
Change Component Designator: OldDesignator=D1 NewDesignator=D11
Change Component Designator: OldDesignator=D2 NewDesignator=D12
Change Component Designator: OldDesignator=D3 NewDesignator=D13
Change Component Designator: OldDesignator=D4 NewDesignator=L11
Change Component Designator: OldDesignator=D5 NewDesignator=L12
Change Component Designator: OldDesignator=D6 NewDesignator=L13
Change Component Designator: OldDesignator=DB1 NewDesignator=DB10
Change Component Designator: OldDesignator=J1 NewDesignator=J30
Change Component Designator: OldDesignator=J2 NewDesignator=J31
Change Component Designator: OldDesignator=J3 NewDesignator=J10
Change Component Designator: OldDesignator=J4 NewDesignator=J40
Change Component Designator: OldDesignator=J5 NewDesignator=J41
Change Component Designator: OldDesignator=J6 NewDesignator=J20
Change Component Designator: OldDesignator=Q1 NewDesignator=Q10
Change Component Designator: OldDesignator=Q2 NewDesignator=Q11
Change Component Designator: OldDesignator=Q3 NewDesignator=Q20
Change Component Designator: OldDesignator=Q4 NewDesignator=Q30
Change Component Designator: OldDesignator=Q5 NewDesignator=Q21
Change Component Designator: OldDesignator=Q6 NewDesignator=Q31
Change Component Designator: OldDesignator=Q7 NewDesignator=Q40
Change Component Designator: OldDesignator=Q8 NewDesignator=Q50
Change Component Designator: OldDesignator=Q9 NewDesignator=Q60
Change Component Designator: OldDesignator=Q10 NewDesignator=Q41
Change Component Designator: OldDesignator=Q11 NewDesignator=Q51
Change Component Designator: OldDesignator=Q12 NewDesignator=Q61
Change Component Designator: OldDesignator=Q13 NewDesignator=Q70
Change Component Designator: OldDesignator=Q14 NewDesignator=Q1480
Change Component Designator: OldDesignator=Q15 NewDesignator=Q90
Change Component Designator: OldDesignator=Q16 NewDesignator=Q71
Change Component Designator: OldDesignator=Q17 NewDesignator=Q81
Change Component Designator: OldDesignator=Q18 NewDesignator=Q91
Change Component Designator: OldDesignator=R2 NewDesignator=R11
Change Component Designator: OldDesignator=R3 NewDesignator=R21
Change Component Designator: OldDesignator=R4 NewDesignator=R31
Change Component Designator: OldDesignator=R7 NewDesignator=R41
Change Component Designator: OldDesignator=R8 NewDesignator=R51
Change Component Designator: OldDesignator=R9 NewDesignator=R61
Change Component Designator: OldDesignator=R13 NewDesignator=R71
Change Component Designator: OldDesignator=R14 NewDesignator=R81
Change Component Designator: OldDesignator=R15 NewDesignator=R91
Change Net Name : Old Net Name=NetQ1_1 New Net Name=NetQ10_1
Change Net Name : Old Net Name=NetQ1_2 New Net Name=NetQ10_2
Change Net Name : Old Net Name=NetQ1_3 New Net Name=NetQ10_3
Change Net Name : Old Net Name=NetQ2_2 New Net Name=NetQ11_2
Change Net Name : Old Net Name=NetQ3_1 New Net Name=NetQ20_1
Change Net Name : Old Net Name=NetQ3_2 New Net Name=NetQ20_2
Change Net Name : Old Net Name=NetQ3_3 New Net Name=NetQ20_3
Change Net Name : Old Net Name=NetQ4_1 New Net Name=NetQ30_1
Change Net Name : Old Net Name=NetQ4_2 New Net Name=NetQ30_2
Change Net Name : Old Net Name=NetQ4_3 New Net Name=NetQ30_3
Change Net Name : Old Net Name=NetQ5_2 New Net Name=NetQ21_2
Change Net Name : Old Net Name=NetQ6_2 New Net Name=NetQ31_2
Change Net Name : Old Net Name=NetQ7_1 New Net Name=NetQ40_1
Change Net Name : Old Net Name=NetQ7_2 New Net Name=NetQ40_2
Change Net Name : Old Net Name=NetQ7_3 New Net Name=NetQ40_3
Change Net Name : Old Net Name=NetQ8_1 New Net Name=NetQ50_1
Change Net Name : Old Net Name=NetQ8_2 New Net Name=NetQ50_2
Change Net Name : Old Net Name=NetQ8_3 New Net Name=NetQ50_3
Change Net Name : Old Net Name=NetQ9_1 New Net Name=NetQ60_1
Change Net Name : Old Net Name=NetQ9_2 New Net Name=NetQ60_2
Change Net Name : Old Net Name=NetQ9_3 New Net Name=NetQ60_3
Change Net Name : Old Net Name=NetQ10_2 New Net Name=NetQ41_2
Change Net Name : Old Net Name=NetQ11_2 New Net Name=NetQ51_2
Change Net Name : Old Net Name=NetQ12_2 New Net Name=NetQ61_2
Change Net Name : Old Net Name=NetQ13_1 New Net Name=NetQ70_1
Change Net Name : Old Net Name=NetQ13_2 New Net Name=NetQ70_2
Change Net Name : Old Net Name=NetQ13_3 New Net Name=NetQ70_3
Change Net Name : Old Net Name=NetQ14_1 New Net Name=NetQ1480_1
Change Net Name : Old Net Name=NetQ14_2 New Net Name=NetQ81_3
Change Net Name : Old Net Name=NetQ14_3 New Net Name=NetQ1480_3
Change Net Name : Old Net Name=NetQ15_1 New Net Name=NetQ90_1
Change Net Name : Old Net Name=NetQ15_2 New Net Name=NetQ90_2
Change Net Name : Old Net Name=NetQ15_3 New Net Name=NetQ90_3
Change Net Name : Old Net Name=NetQ16_2 New Net Name=NetQ71_2
Change Net Name : Old Net Name=NetQ17_2 New Net Name=NetQ81_2
Change Net Name : Old Net Name=NetQ18_2 New Net Name=NetQ91_2
