Removed Pin From Net: NetName=Base2 Pin=DB10-2
Removed Pin From Net: NetName=Base3 Pin=DB10-3
Removed Pin From Net: NetName=Base4 Pin=DB10-4
Removed Pin From Net: NetName=GND Pin=DB10-5
Removed Pin From Net: NetName=Base6 Pin=DB10-6
Removed Pin From Net: NetName=Base7 Pin=DB10-7
Removed Pin From Net: NetName=Base8 Pin=DB10-8
Removed Pin From Net: NetName=Base9 Pin=DB10-9
Removed Pin From Net: NetName=GND Pin=J40-1
Removed Pin From Net: NetName=GND Pin=J40-2
Removed Pin From Net: NetName=Base5 Pin=J41-2
Removed Member From Class: ClassName=Sheet2 Member=J10
Removed Member From Class: ClassName=Sheet2 Member=J20
Removed Member From Class: ClassName=Sheet2 Member=J30
Removed Member From Class: ClassName=Sheet2 Member=J40
Removed Member From Class: ClassName=Sheet2 Member=J50
Removed Member From Class: ClassName=Sheet2 Member=J60
Removed Member From Class: ClassName=Sheet2 Member=J70
Removed Member From Class: ClassName=Sheet2 Member=J80
Removed Member From Class: ClassName=Sheet2 Member=J90
Added Pin To Net: NetName=Base3 Pin=DB10-2
Added Pin To Net: NetName=Base5 Pin=DB10-3
Added Pin To Net: NetName=Base7 Pin=DB10-4
Added Pin To Net: NetName=Base2 Pin=DB10-6
Added Pin To Net: NetName=Base4 Pin=DB10-7
Added Pin To Net: NetName=Base6 Pin=DB10-8
Added Pin To Net: NetName=Base8 Pin=DB10-9
Added Pin To Net: NetName=Base9 Pin=J41-2
Added Pin To Net: NetName=GND1 Pin=DB10-5
Added Pin To Net: NetName=GND1 Pin=J40-1
Added Pin To Net: NetName=GND1 Pin=J40-2
Added Net: Name=GND1
