Removed Pin From Net: NetName=Coil_1 Pin=R3-1
Removed Pin From Net: NetName=NetD4_1 Pin=R3-2
Removed Pin From Net: NetName=Coil_4 Pin=R4-1
Removed Pin From Net: NetName=NetD5_1 Pin=R4-2
Removed Pin From Net: NetName=Coil_7 Pin=R5-1
Removed Pin From Net: NetName=NetD6_1 Pin=R5-2
Removed Pin From Net: NetName=Coil_1 Pin=R6-2
Removed Pin From Net: NetName=Coil_4 Pin=R7-2
Removed Pin From Net: NetName=Coil_7 Pin=R8-2
Removed Pin From Net: NetName=Coil_2 Pin=R13-1
Removed Pin From Net: NetName=NetD10_1 Pin=R13-2
Removed Pin From Net: NetName=Coil_5 Pin=R14-1
Removed Pin From Net: NetName=NetD11_1 Pin=R14-2
Removed Pin From Net: NetName=Coil_2 Pin=R16-2
Removed Pin From Net: NetName=Coil_5 Pin=R17-2
Removed Pin From Net: NetName=Coil_6 Pin=R22-1
Removed Pin From Net: NetName=NetD15_1 Pin=R22-2
Removed Pin From Net: NetName=Coil_3 Pin=R23-1
Removed Pin From Net: NetName=NetD16_1 Pin=R23-2
Removed Pin From Net: NetName=Coil_3 Pin=R24-2
Removed Pin From Net: NetName=Coil_6 Pin=R26-2
Added Component: Designator=R?(RESC3216X70X50NL05T20)
Add component (AddParameter): Name = "Manufacturer"; Value = "Panasonic"; VariantName = "[No Variations]"
Add component (AddParameter): Name = "Part Number"; Value = "ERJ-8GEY0R00V"; VariantName = "[No Variations]"
Added Component: Designator=R?(RESC3216X70X50NL05T20)
Add component (AddParameter): Name = "Manufacturer"; Value = "Panasonic"; VariantName = "[No Variations]"
Add component (AddParameter): Name = "Part Number"; Value = "ERJ-8GEY0R00V"; VariantName = "[No Variations]"
Added Component: Designator=R?(RESC3216X70X50NL05T20)
Add component (AddParameter): Name = "Manufacturer"; Value = "Panasonic"; VariantName = "[No Variations]"
Add component (AddParameter): Name = "Part Number"; Value = "ERJ-8GEY0R00V"; VariantName = "[No Variations]"
Added Component: Designator=R?(RESC3216X70X50NL05T20)
Add component (AddParameter): Name = "Manufacturer"; Value = "Panasonic"; VariantName = "[No Variations]"
Add component (AddParameter): Name = "Part Number"; Value = "ERJ-8GEY0R00V"; VariantName = "[No Variations]"
Added Component: Designator=R?(RESC3216X70X50NL05T20)
Add component (AddParameter): Name = "Manufacturer"; Value = "Panasonic"; VariantName = "[No Variations]"
Add component (AddParameter): Name = "Part Number"; Value = "ERJ-8GEY0R00V"; VariantName = "[No Variations]"
Added Component: Designator=R?(RESC3216X70X50NL05T20)
Add component (AddParameter): Name = "Manufacturer"; Value = "Panasonic"; VariantName = "[No Variations]"
Add component (AddParameter): Name = "Part Number"; Value = "ERJ-8GEY0R00V"; VariantName = "[No Variations]"
Added Component: Designator=R?(RESC3216X70X50NL05T20)
Add component (AddParameter): Name = "Manufacturer"; Value = "Panasonic"; VariantName = "[No Variations]"
Add component (AddParameter): Name = "Part Number"; Value = "ERJ-8GEY0R00V"; VariantName = "[No Variations]"
Added Component: Designator=R?(RESC3216X70X50NL05T20)
Add component (AddParameter): Name = "Manufacturer"; Value = "Panasonic"; VariantName = "[No Variations]"
Add component (AddParameter): Name = "Part Number"; Value = "ERJ-8GEY0R00V"; VariantName = "[No Variations]"
Added Component: Designator=R?(RESC3216X70X50NL05T20)
Add component (AddParameter): Name = "Manufacturer"; Value = "Panasonic"; VariantName = "[No Variations]"
Add component (AddParameter): Name = "Part Number"; Value = "ERJ-8GEY0R00V"; VariantName = "[No Variations]"
Added Component: Designator=R?(RESC3216X70X50NL05T20)
Add component (AddParameter): Name = "Manufacturer"; Value = "Panasonic"; VariantName = "[No Variations]"
Add component (AddParameter): Name = "Part Number"; Value = "ERJ-8GEY0R00V"; VariantName = "[No Variations]"
Added Component: Designator=R?(RESC3216X70X50NL05T20)
Add component (AddParameter): Name = "Manufacturer"; Value = "Panasonic"; VariantName = "[No Variations]"
Add component (AddParameter): Name = "Part Number"; Value = "ERJ-8GEY0R00V"; VariantName = "[No Variations]"
Added Component: Designator=R?(RESC3216X70X50NL05T20)
Add component (AddParameter): Name = "Manufacturer"; Value = "Panasonic"; VariantName = "[No Variations]"
Add component (AddParameter): Name = "Part Number"; Value = "ERJ-8GEY0R00V"; VariantName = "[No Variations]"
Added Component: Designator=R?(RESC3216X70X50NL05T20)
Add component (AddParameter): Name = "Manufacturer"; Value = "Panasonic"; VariantName = "[No Variations]"
Add component (AddParameter): Name = "Part Number"; Value = "ERJ-8GEY0R00V"; VariantName = "[No Variations]"
Added Component: Designator=R?(RESC3216X70X50NL05T20)
Add component (AddParameter): Name = "Manufacturer"; Value = "Panasonic"; VariantName = "[No Variations]"
Add component (AddParameter): Name = "Part Number"; Value = "ERJ-8GEY0R00V"; VariantName = "[No Variations]"
Added Pin To Net: NetName=NetD4_1 Pin=R?-1
Added Pin To Net: NetName=NetD5_1 Pin=R?-1
Added Pin To Net: NetName=NetD6_1 Pin=R?-1
Added Pin To Net: NetName=NetD10_1 Pin=R?-1
Added Pin To Net: NetName=NetD11_1 Pin=R?-1
Added Pin To Net: NetName=NetD15_1 Pin=R?-1
Added Pin To Net: NetName=NetD16_1 Pin=R?-1
Added Pin To Net: NetName=Coil_1 Pin=R?-2
Added Pin To Net: NetName=Coil_1 Pin=R?-2
Added Pin To Net: NetName=Coil_2 Pin=R?-2
Added Pin To Net: NetName=Coil_2 Pin=R?-2
Added Pin To Net: NetName=Coil_3 Pin=R?-2
Added Pin To Net: NetName=Coil_3 Pin=R?-2
Added Pin To Net: NetName=Coil_4 Pin=R?-2
Added Pin To Net: NetName=Coil_4 Pin=R?-2
Added Pin To Net: NetName=Coil_5 Pin=R?-2
Added Pin To Net: NetName=Coil_5 Pin=R?-2
Added Pin To Net: NetName=Coil_6 Pin=R?-2
Added Pin To Net: NetName=Coil_6 Pin=R?-2
Added Pin To Net: NetName=Coil_7 Pin=R?-2
Added Pin To Net: NetName=Coil_7 Pin=R?-2
Added Pin To Net: NetName=NetR?_1 Pin=R?-1
Added Pin To Net: NetName=NetR?_1 Pin=U4-1
Added Net: Name=NetR?_1
Add Net: Net with name "NetR?_1" already exists
Add Net: Net with name "NetR?_1" already exists
Add Net: Net with name "NetR?_1" already exists
Add Net: Net with name "NetR?_1" already exists
Add Net: Net with name "NetR?_1" already exists
Add Net: Net with name "NetR?_1" already exists
