Change Component Footprint: Designator=J1 Old Footprint=691214110002 New Footprint=691214110002
Change Component Footprint: Designator=J2 Old Footprint=691214110002 New Footprint=691214110002
Change Component Footprint: Designator=J3 Old Footprint=691214110002 New Footprint=691214110002
Change Component Footprint: Designator=J4 Old Footprint=691214110002 New Footprint=691214110002
Change Component Footprint: Designator=J5 Old Footprint=691214110002 New Footprint=691214110002
Change Component Footprint: Designator=J6 Old Footprint=691214110002 New Footprint=691214110002
Change Component Footprint: Designator=J7 Old Footprint=691214110002 New Footprint=691214110002
Change Component Footprint: Designator=J8 Old Footprint=691214110002 New Footprint=691214110002
Change Component Footprint: Designator=J9 Old Footprint=691214110002 New Footprint=691214110002
Change Component Footprint: Designator=J10 Old Footprint=691214110002 New Footprint=691214110002
Change Component Footprint: Designator=J11 Old Footprint=691214110002 New Footprint=691214110002
Change Component Footprint: Designator=J12 Old Footprint=691214110002 New Footprint=691214110002
Change Component Footprint: Designator=J13 Old Footprint=691214110002 New Footprint=691214110002
Change Component Footprint: Designator=J14 Old Footprint=691214110002 New Footprint=691214110002
Change Component Footprint: Designator=J15 Old Footprint=691214110002 New Footprint=691214110002
Change Component Footprint: Designator=R1 Old Footprint=FP-HVR37-MFG New Footprint=FP-HVR37-MFG
Change Component Footprint: Designator=R2 Old Footprint=FP-HVR37-MFG New Footprint=FP-HVR37-MFG
Change Component Footprint: Designator=R3 Old Footprint=FP-HVR37-MFG New Footprint=FP-HVR37-MFG
Change Component Footprint: Designator=R4 Old Footprint=FP-HVR37-MFG New Footprint=FP-HVR37-MFG
Change Component Footprint: Designator=R5 Old Footprint=FP-HVR37-MFG New Footprint=FP-HVR37-MFG
Change Component Footprint: Designator=R6 Old Footprint=FP-HVR37-MFG New Footprint=FP-HVR37-MFG
Change Component Footprint: Designator=R7 Old Footprint=FP-HVR37-MFG New Footprint=FP-HVR37-MFG
Change Component Footprint: Designator=R8 Old Footprint=FP-HVR37-MFG New Footprint=FP-HVR37-MFG
Change Component Footprint: Designator=R9 Old Footprint=FP-HVR37-MFG New Footprint=FP-HVR37-MFG
Change Component Footprint: Designator=R10 Old Footprint=FP-HVR37-MFG New Footprint=FP-HVR37-MFG
Change Component Footprint: Designator=R11 Old Footprint=FP-HVR37-MFG New Footprint=FP-HVR37-MFG
Change Component Footprint: Designator=R12 Old Footprint=FP-HVR37-MFG New Footprint=FP-HVR37-MFG
Change Component Footprint: Designator=R13 Old Footprint=FP-HVR37-MFG New Footprint=FP-HVR37-MFG
Change Component Footprint: Designator=R14 Old Footprint=FP-HVR37-MFG New Footprint=FP-HVR37-MFG
Change Component Footprint: Designator=R15 Old Footprint=FP-HVR37-MFG New Footprint=FP-HVR37-MFG
Change Component Footprint: Designator=R16 Old Footprint=FP-HVR37-MFG New Footprint=FP-HVR37-MFG
Change Component Footprint: Designator=R17 Old Footprint=FP-HVR37-MFG New Footprint=FP-HVR37-MFG
Change Component Footprint: Designator=R18 Old Footprint=FP-HVR37-MFG New Footprint=FP-HVR37-MFG
Change Component Footprint: Designator=R19 Old Footprint=FP-HVR37-MFG New Footprint=FP-HVR37-MFG
Change Component Footprint: Designator=R20 Old Footprint=FP-HVR37-MFG New Footprint=FP-HVR37-MFG
Change Component Footprint: Designator=R21 Old Footprint=FP-HVR37-MFG New Footprint=FP-HVR37-MFG
Change Component Footprint: Designator=R22 Old Footprint=FP-HVR37-MFG New Footprint=FP-HVR37-MFG
Change Component Footprint: Designator=R23 Old Footprint=FP-HVR37-MFG New Footprint=FP-HVR37-MFG
Change Component Footprint: Designator=R24 Old Footprint=FP-HVR37-MFG New Footprint=FP-HVR37-MFG
Change Component Footprint: Designator=R25 Old Footprint=FP-HVR37-MFG New Footprint=FP-HVR37-MFG
Change Component Footprint: Designator=R26 Old Footprint=FP-HVR37-MFG New Footprint=FP-HVR37-MFG
Change Component Footprint: Designator=R27 Old Footprint=FP-HVR37-MFG New Footprint=FP-HVR37-MFG
Change Component Footprint: Designator=R28 Old Footprint=FP-HVR37-MFG New Footprint=FP-HVR37-MFG
Change Component Footprint: Designator=R29 Old Footprint=FP-HVR37-MFG New Footprint=FP-HVR37-MFG
Change Component Footprint: Designator=R30 Old Footprint=FP-HVR37-MFG New Footprint=FP-HVR37-MFG
Change Component Footprint: Designator=R31 Old Footprint=FP-HVR37-MFG New Footprint=FP-HVR37-MFG
Change Component Footprint: Designator=R32 Old Footprint=FP-HVR37-MFG New Footprint=FP-HVR37-MFG
Change Component Footprint: Designator=R33 Old Footprint=FP-HVR37-MFG New Footprint=FP-HVR37-MFG
Change Component Footprint: Designator=R34 Old Footprint=FP-HVR37-MFG New Footprint=FP-HVR37-MFG
Change Component Footprint: Designator=D4 Old Footprint=WL-TMRC_D3.95H5.3 New Footprint=WL-TMRC_D3.95H5.3
Change Component Footprint: Designator=D5 Old Footprint=WL-TMRC_D3.95H5.3 New Footprint=WL-TMRC_D3.95H5.3
Change Component Footprint: Designator=D6 Old Footprint=WL-TMRC_D3.95H5.3 New Footprint=WL-TMRC_D3.95H5.3
Change Component Footprint: Designator=D10 Old Footprint=WL-TMRC_D3.95H5.3 New Footprint=WL-TMRC_D3.95H5.3
Change Component Footprint: Designator=D11 Old Footprint=WL-TMRC_D3.95H5.3 New Footprint=WL-TMRC_D3.95H5.3
Change Component Footprint: Designator=D12 Old Footprint=WL-TMRC_D3.95H5.3 New Footprint=WL-TMRC_D3.95H5.3
Change Component Footprint: Designator=D15 Old Footprint=WL-TMRC_D3.95H5.3 New Footprint=WL-TMRC_D3.95H5.3
Change Component Footprint: Designator=D16 Old Footprint=WL-TMRC_D3.95H5.3 New Footprint=WL-TMRC_D3.95H5.3
Change Component Footprint: Designator=D17 Old Footprint=WL-TMRC_D3.95H5.3 New Footprint=WL-TMRC_D3.95H5.3
Change Component Footprint: Designator=D18 Old Footprint=WL-TMRC_D3.95H5.3 New Footprint=WL-TMRC_D3.95H5.3
Add Component: Footprint Not Found Finder 40.31 S
Add Component: Footprint Not Found Finder 40.31 S
Add Component: Footprint Not Found Finder 40.31 S
Add Component: Footprint Not Found Finder 40.31 S
Add Component: Footprint Not Found Finder 40.31 S
Add Component: Footprint Not Found Finder 40.31 S
Add Component: Footprint Not Found Finder 40.31 S
Add Component: Footprint Not Found Finder 40.31 S
Add Pin To Net: Unknown Pin: Pin U1-1
Add Pin To Net: Unknown Pin: Pin U1-2
Add Pin To Net: Unknown Pin: Pin U2-1
Add Pin To Net: Unknown Pin: Pin U2-2
Add Pin To Net: Unknown Pin: Pin U3-1
Add Pin To Net: Unknown Pin: Pin U3-2
Add Pin To Net: Unknown Pin: Pin U4-1
Add Pin To Net: Unknown Pin: Pin U4-2
Add Pin To Net: Unknown Pin: Pin U5-1
Add Pin To Net: Unknown Pin: Pin U5-2
Add Pin To Net: Unknown Pin: Pin U6-1
Add Pin To Net: Unknown Pin: Pin U6-2
Add Pin To Net: Unknown Pin: Pin U7-1
Add Pin To Net: Unknown Pin: Pin U7-2
Add Pin To Net: Unknown Pin: Pin U8-1
Add Pin To Net: Unknown Pin: Pin U8-2
Add Class Member: Failed to add class member : Component U1 Finder 40.31 S
Add Class Member: Failed to add class member : Component U2 Finder 40.31 S
Add Class Member: Failed to add class member : Component U3 Finder 40.31 S
Add Class Member: Failed to add class member : Component U4 Finder 40.31 S
Add Class Member: Failed to add class member : Component U5 Finder 40.31 S
Add Class Member: Failed to add class member : Component U6 Finder 40.31 S
Add Class Member: Failed to add class member : Component U7 Finder 40.31 S
Add Class Member: Failed to add class member : Component U8 Finder 40.31 S
