Removed Pin From Net: NetName=NetQ10_2 Pin=R25-1
Removed Pin From Net: NetName=Collector_5 Pin=R25-2
Removed Pin From Net: NetName=NetQ12_2 Pin=R28-1
Removed Pin From Net: NetName=Collector_6 Pin=R28-2
Removed Pin From Net: NetName=NetQ14_2 Pin=R31-1
Removed Pin From Net: NetName=Collector_7 Pin=R31-2
Change Component Footprint: Designator=R2 Old Footprint=FP-HVR37-MFG New Footprint=RESC3216X70X50NL05T20
Change Component Footprint: Designator=R10 Old Footprint=FP-HVR37-MFG New Footprint=RESC3216X70X50NL05T20
Change Component Footprint: Designator=R12 Old Footprint=FP-HVR37-MFG New Footprint=RESC3216X70X50NL05T20
Change Component Footprint: Designator=R20 Old Footprint=FP-HVR37-MFG New Footprint=RESC3216X70X50NL05T20
Change Component Footprint: Designator=R28 Old Footprint=FP-HVR37-MFG New Footprint=RESC3216X70X50NL05T20
Change Component Comment : Designator=R2 Old Comment=55R New Comment=1K
Change Component Comment : Designator=R10 Old Comment=55R New Comment=1K
Change Component Comment : Designator=R12 Old Comment=55R New Comment=1K
Change Component Comment : Designator=R20 Old Comment=55R New Comment=1K
Change Component Comment : Designator=R28 Old Comment=55R New Comment=1K
Change Component Designator: OldDesignator=R? NewDesignator=R1
Change Component Designator: OldDesignator=R? NewDesignator=R9
Change Component Designator: OldDesignator=R? NewDesignator=R11
Change Component Designator: OldDesignator=R? NewDesignator=R19
Change Component Designator: OldDesignator=R? NewDesignator=R21
Change Component Designator: OldDesignator=R? NewDesignator=R25
Change Component Designator: OldDesignator=R? NewDesignator=R27
Change Managed Component Library Link : Designator=R2 Old VaultGUID=B7D15EC3-160A-466F-A46C-7801FE6295A7 New VaultGUID=B7D15EC3-160A-466F-A46C-7801FE6295A7 Old ItemGUID=C879E65A-6C0E-4120-BA91-BAB81E492E9B New ItemGUID=BA89E7CF-A345-4D65-8C6E-E1E846F657D6 Old RevisionGUID=818BD773-ABDF-4D9D-9404-9F338A8E4F64 New RevisionGUID=8414BA08-C193-431B-AE5E-6A9D6DC869D0
Change Managed Component Library Link : Designator=R10 Old VaultGUID=B7D15EC3-160A-466F-A46C-7801FE6295A7 New VaultGUID=B7D15EC3-160A-466F-A46C-7801FE6295A7 Old ItemGUID=C879E65A-6C0E-4120-BA91-BAB81E492E9B New ItemGUID=BA89E7CF-A345-4D65-8C6E-E1E846F657D6 Old RevisionGUID=818BD773-ABDF-4D9D-9404-9F338A8E4F64 New RevisionGUID=8414BA08-C193-431B-AE5E-6A9D6DC869D0
Change Managed Component Library Link : Designator=R12 Old VaultGUID=B7D15EC3-160A-466F-A46C-7801FE6295A7 New VaultGUID=B7D15EC3-160A-466F-A46C-7801FE6295A7 Old ItemGUID=C879E65A-6C0E-4120-BA91-BAB81E492E9B New ItemGUID=BA89E7CF-A345-4D65-8C6E-E1E846F657D6 Old RevisionGUID=818BD773-ABDF-4D9D-9404-9F338A8E4F64 New RevisionGUID=8414BA08-C193-431B-AE5E-6A9D6DC869D0
Change Managed Component Library Link : Designator=R20 Old VaultGUID=B7D15EC3-160A-466F-A46C-7801FE6295A7 New VaultGUID=B7D15EC3-160A-466F-A46C-7801FE6295A7 Old ItemGUID=C879E65A-6C0E-4120-BA91-BAB81E492E9B New ItemGUID=BA89E7CF-A345-4D65-8C6E-E1E846F657D6 Old RevisionGUID=818BD773-ABDF-4D9D-9404-9F338A8E4F64 New RevisionGUID=8414BA08-C193-431B-AE5E-6A9D6DC869D0
Change Managed Component Library Link : Designator=R28 Old VaultGUID=B7D15EC3-160A-466F-A46C-7801FE6295A7 New VaultGUID=B7D15EC3-160A-466F-A46C-7801FE6295A7 Old ItemGUID=C879E65A-6C0E-4120-BA91-BAB81E492E9B New ItemGUID=BA89E7CF-A345-4D65-8C6E-E1E846F657D6 Old RevisionGUID=818BD773-ABDF-4D9D-9404-9F338A8E4F64 New RevisionGUID=8414BA08-C193-431B-AE5E-6A9D6DC869D0
Change component parameters: Designator = "R2" ("R2"); Footprint = "FP-HVR37-MFG"; UniqueID = "\KSIUOARJ" ("\KSIUOARJ")
Change component parameters (AddParameter): Name = "Manufacturer"; Value = "Panasonic"; VariantName = "[No Variations]"
Change component parameters (AddParameter): Name = "Part Number"; Value = "ERJ-8GEY0R00V"; VariantName = "[No Variations]"
Change component parameters: Designator = "R10" ("R10"); Footprint = "FP-HVR37-MFG"; UniqueID = "\DBRXFIZF" ("\DBRXFIZF")
Change component parameters (AddParameter): Name = "Manufacturer"; Value = "Panasonic"; VariantName = "[No Variations]"
Change component parameters (AddParameter): Name = "Part Number"; Value = "ERJ-8GEY0R00V"; VariantName = "[No Variations]"
Change component parameters: Designator = "R12" ("R12"); Footprint = "FP-HVR37-MFG"; UniqueID = "\MXHQHJIJ" ("\MXHQHJIJ")
Change component parameters (AddParameter): Name = "Manufacturer"; Value = "Panasonic"; VariantName = "[No Variations]"
Change component parameters (AddParameter): Name = "Part Number"; Value = "ERJ-8GEY0R00V"; VariantName = "[No Variations]"
Change component parameters: Designator = "R20" ("R20"); Footprint = "FP-HVR37-MFG"; UniqueID = "\UMQPNLIA" ("\UMQPNLIA")
Change component parameters (AddParameter): Name = "Manufacturer"; Value = "Panasonic"; VariantName = "[No Variations]"
Change component parameters (AddParameter): Name = "Part Number"; Value = "ERJ-8GEY0R00V"; VariantName = "[No Variations]"
Change component parameters: Designator = "R28" ("R28"); Footprint = "FP-HVR37-MFG"; UniqueID = "\TIGHCYNW" ("\TIGHCYNW")
Change component parameters (AddParameter): Name = "Manufacturer"; Value = "Panasonic"; VariantName = "[No Variations]"
Change component parameters (AddParameter): Name = "Part Number"; Value = "ERJ-8GEY0R00V"; VariantName = "[No Variations]"
Added Component: Designator=R24(RESC3216X70X50NL05T20)
Add component (AddParameter): Name = "Manufacturer"; Value = "Panasonic"; VariantName = "[No Variations]"
Add component (AddParameter): Name = "Part Number"; Value = "ERJ-8GEY0R00V"; VariantName = "[No Variations]"
Added Component: Designator=R26(RESC3216X70X50NL05T20)
Add component (AddParameter): Name = "Manufacturer"; Value = "Panasonic"; VariantName = "[No Variations]"
Add component (AddParameter): Name = "Part Number"; Value = "ERJ-8GEY0R00V"; VariantName = "[No Variations]"
Added Pin To Net: NetName=NetQ10_2 Pin=R24-1
Added Pin To Net: NetName=Collector_5 Pin=R24-2
Added Pin To Net: NetName=NetQ12_2 Pin=R26-1
Added Pin To Net: NetName=Collector_6 Pin=R26-2
Added Pin To Net: NetName=NetQ14_2 Pin=R28-1
Added Pin To Net: NetName=Collector_7 Pin=R28-2
