Change Component Designator: OldDesignator=C1 NewDesignator=C4
Change Component Designator: OldDesignator=C2 NewDesignator=C3
Change Component Designator: OldDesignator=C3 NewDesignator=C2
Change Component Designator: OldDesignator=C4 NewDesignator=C1
Change Component Designator: OldDesignator=D2 NewDesignator=D4
Change Component Designator: OldDesignator=D3 NewDesignator=D7
Change Component Designator: OldDesignator=D4 NewDesignator=D10
Change Component Designator: OldDesignator=D5 NewDesignator=D14
Change Component Designator: OldDesignator=D6 NewDesignator=D16
Change Component Designator: OldDesignator=D7 NewDesignator=D8
Change Component Designator: OldDesignator=D8 NewDesignator=D5
Change Component Designator: OldDesignator=D9 NewDesignator=D13
Change Component Designator: OldDesignator=D10 NewDesignator=D11
Change Component Designator: OldDesignator=D11 NewDesignator=D3
Change Component Designator: OldDesignator=D12 NewDesignator=D15
Change Component Designator: OldDesignator=D13 NewDesignator=D6
Change Component Designator: OldDesignator=D14 NewDesignator=D2
Change Component Designator: OldDesignator=J1 NewDesignator=J14
Change Component Designator: OldDesignator=J2 NewDesignator=J15
Change Component Designator: OldDesignator=J3 NewDesignator=J5
Change Component Designator: OldDesignator=J4 NewDesignator=J8
Change Component Designator: OldDesignator=J5 NewDesignator=J1
Change Component Designator: OldDesignator=J6 NewDesignator=J10
Change Component Designator: OldDesignator=J7 NewDesignator=J2
Change Component Designator: OldDesignator=J8 NewDesignator=J3
Change Component Designator: OldDesignator=J9 NewDesignator=J12
Change Component Designator: OldDesignator=J10 NewDesignator=J6
Change Component Designator: OldDesignator=J11 NewDesignator=J9
Change Component Designator: OldDesignator=J12 NewDesignator=J7
Change Component Designator: OldDesignator=J13 NewDesignator=J11
Change Component Designator: OldDesignator=Q1 NewDesignator=Q2
Change Component Designator: OldDesignator=Q2 NewDesignator=Q1
Change Component Designator: OldDesignator=Q3 NewDesignator=Q4
Change Component Designator: OldDesignator=Q4 NewDesignator=Q3
Change Component Designator: OldDesignator=Q5 NewDesignator=Q6
Change Component Designator: OldDesignator=Q6 NewDesignator=Q5
Change Component Designator: OldDesignator=Q7 NewDesignator=Q8
Change Component Designator: OldDesignator=Q8 NewDesignator=Q7
Change Component Designator: OldDesignator=Q9 NewDesignator=Q10
Change Component Designator: OldDesignator=Q10 NewDesignator=Q9
Change Component Designator: OldDesignator=Q11 NewDesignator=Q12
Change Component Designator: OldDesignator=Q12 NewDesignator=Q11
Change Component Designator: OldDesignator=R1 NewDesignator=R3
Change Component Designator: OldDesignator=R2 NewDesignator=R6
Change Component Designator: OldDesignator=R3 NewDesignator=R2
Change Component Designator: OldDesignator=R4 NewDesignator=R1
Change Component Designator: OldDesignator=R5 NewDesignator=R13
Change Component Designator: OldDesignator=R6 NewDesignator=R15
Change Component Designator: OldDesignator=R7 NewDesignator=R10
Change Component Designator: OldDesignator=R8 NewDesignator=R9
Change Component Designator: OldDesignator=R9 NewDesignator=R18
Change Component Designator: OldDesignator=R10 NewDesignator=R22
Change Component Designator: OldDesignator=R11 NewDesignator=R12
Change Component Designator: OldDesignator=R12 NewDesignator=R11
Change Component Designator: OldDesignator=R13 NewDesignator=R4
Change Component Designator: OldDesignator=R14 NewDesignator=R20
Change Component Designator: OldDesignator=R15 NewDesignator=R19
Change Component Designator: OldDesignator=R16 NewDesignator=R7
Change Component Designator: OldDesignator=R17 NewDesignator=R21
Change Component Designator: OldDesignator=R18 NewDesignator=R24
Change Component Designator: OldDesignator=R19 NewDesignator=R14
Change Component Designator: OldDesignator=R20 NewDesignator=R16
Change Component Designator: OldDesignator=R21 NewDesignator=R25
Change Component Designator: OldDesignator=R22 NewDesignator=R26
Change Component Designator: OldDesignator=R23 NewDesignator=R17
Change Component Designator: OldDesignator=R24 NewDesignator=R23
Change Component Designator: OldDesignator=R25 NewDesignator=R27
Change Component Designator: OldDesignator=R26 NewDesignator=R28
Change Component Designator: OldDesignator=R27 NewDesignator=R8
Change Component Designator: OldDesignator=R28 NewDesignator=R5
Added Pin To Net: NetName=+15 Pin=C1-2
Added Pin To Net: NetName=+15 Pin=C2-2
Added Pin To Net: NetName=+15 Pin=J7-1
Added Pin To Net: NetName=+15 Pin=R1-2
Added Pin To Net: NetName=+15 Pin=R9-2
Added Pin To Net: NetName=+15 Pin=R11-2
Added Pin To Net: NetName=+15 Pin=R19-2
Added Pin To Net: NetName=+15 Pin=R21-2
Added Pin To Net: NetName=+15 Pin=R25-2
Added Pin To Net: NetName=+15 Pin=R27-2
Added Net: Name=+15
Added Pin To Net: NetName=Coil_1 Pin=D1-2
Added Pin To Net: NetName=Coil_1 Pin=Q1-3
Added Pin To Net: NetName=Coil_1 Pin=R3-2
Added Pin To Net: NetName=Coil_1 Pin=R6-2
Added Net: Name=Coil_1
Added Pin To Net: NetName=Coil_2 Pin=D7-2
Added Pin To Net: NetName=Coil_2 Pin=Q3-3
Added Pin To Net: NetName=Coil_2 Pin=R13-2
Added Pin To Net: NetName=Coil_2 Pin=R15-2
Added Net: Name=Coil_2
Added Pin To Net: NetName=Coil_3 Pin=D14-2
Added Pin To Net: NetName=Coil_3 Pin=Q5-3
Added Pin To Net: NetName=Coil_3 Pin=R18-2
Added Pin To Net: NetName=Coil_3 Pin=R22-2
Added Net: Name=Coil_3
Added Pin To Net: NetName=Coil_4 Pin=D3-2
Added Pin To Net: NetName=Coil_4 Pin=Q7-3
Added Pin To Net: NetName=Coil_4 Pin=R4-2
Added Pin To Net: NetName=Coil_4 Pin=R7-2
Added Net: Name=Coil_4
Added Pin To Net: NetName=Coil_5 Pin=D8-2
Added Pin To Net: NetName=Coil_5 Pin=Q9-3
Added Pin To Net: NetName=Coil_5 Pin=R14-2
Added Pin To Net: NetName=Coil_5 Pin=R16-2
Added Net: Name=Coil_5
Added Pin To Net: NetName=Coil_6 Pin=D13-2
Added Pin To Net: NetName=Coil_6 Pin=Q11-3
Added Pin To Net: NetName=Coil_6 Pin=R17-2
Added Pin To Net: NetName=Coil_6 Pin=R23-2
Added Net: Name=Coil_6
Added Pin To Net: NetName=Coil_7 Pin=D2-2
Added Pin To Net: NetName=Coil_7 Pin=Q13-3
Added Pin To Net: NetName=Coil_7 Pin=R5-2
Added Pin To Net: NetName=Coil_7 Pin=R8-2
Added Net: Name=Coil_7
Added Pin To Net: NetName=Collector_1 Pin=J1-1
Added Pin To Net: NetName=Collector_1 Pin=R2-2
Added Net: Name=Collector_1
Added Pin To Net: NetName=Collector_2 Pin=J1-2
Added Pin To Net: NetName=Collector_2 Pin=R10-2
Added Net: Name=Collector_2
Added Pin To Net: NetName=Collector_3 Pin=J2-1
Added Pin To Net: NetName=Collector_3 Pin=R12-2
Added Net: Name=Collector_3
Added Pin To Net: NetName=Collector_4 Pin=J2-2
Added Pin To Net: NetName=Collector_4 Pin=R20-2
Added Net: Name=Collector_4
Added Pin To Net: NetName=Collector_5 Pin=J3-1
Added Pin To Net: NetName=Collector_5 Pin=R24-2
Added Net: Name=Collector_5
Added Pin To Net: NetName=Collector_6 Pin=J3-2
Added Pin To Net: NetName=Collector_6 Pin=R26-2
Added Net: Name=Collector_6
Added Pin To Net: NetName=Collector_7 Pin=J3-3
Added Pin To Net: NetName=Collector_7 Pin=R28-2
Added Net: Name=Collector_7
Added Pin To Net: NetName=GND_MCU Pin=C1-1
Added Pin To Net: NetName=GND_MCU Pin=C2-1
Added Pin To Net: NetName=GND_MCU Pin=J7-2
Added Pin To Net: NetName=GND_MCU Pin=Q2-1
Added Pin To Net: NetName=GND_MCU Pin=Q4-1
Added Pin To Net: NetName=GND_MCU Pin=Q6-1
Added Pin To Net: NetName=GND_MCU Pin=Q8-1
Added Pin To Net: NetName=GND_MCU Pin=Q10-1
Added Pin To Net: NetName=GND_MCU Pin=Q12-1
Added Pin To Net: NetName=GND_MCU Pin=Q14-1
Added Net: Name=GND_MCU
Added Pin To Net: NetName=GND Pin=C3-1
Added Pin To Net: NetName=GND Pin=C4-1
Added Pin To Net: NetName=GND Pin=D1-1
Added Pin To Net: NetName=GND Pin=D2-1
Added Pin To Net: NetName=GND Pin=D3-1
Added Pin To Net: NetName=GND Pin=D4-2
Added Pin To Net: NetName=GND Pin=D5-2
Added Pin To Net: NetName=GND Pin=D6-2
Added Pin To Net: NetName=GND Pin=D7-1
Added Pin To Net: NetName=GND Pin=D8-1
Added Pin To Net: NetName=GND Pin=D10-2
Added Pin To Net: NetName=GND Pin=D11-2
Added Pin To Net: NetName=GND Pin=D13-1
Added Pin To Net: NetName=GND Pin=D14-1
Added Pin To Net: NetName=GND Pin=D15-2
Added Pin To Net: NetName=GND Pin=D16-2
Added Pin To Net: NetName=GND Pin=J15-2
Added Pin To Net: NetName=GND Pin=U1-2
Added Pin To Net: NetName=GND Pin=U2-2
Added Pin To Net: NetName=GND Pin=U3-2
Added Pin To Net: NetName=GND Pin=U4-2
Added Pin To Net: NetName=GND Pin=U5-2
Added Pin To Net: NetName=GND Pin=U6-2
Added Pin To Net: NetName=GND Pin=U7-2
Added Net: Name=GND
Added Pin To Net: NetName=K1 Pin=J5-1
Added Pin To Net: NetName=K1 Pin=U1-5
Added Net: Name=K1
Added Pin To Net: NetName=K2 Pin=J8-1
Added Pin To Net: NetName=K2 Pin=U2-5
Added Net: Name=K2
Added Pin To Net: NetName=K3 Pin=J10-1
Added Pin To Net: NetName=K3 Pin=U3-5
Added Net: Name=K3
Added Pin To Net: NetName=K4 Pin=J12-1
Added Pin To Net: NetName=K4 Pin=U4-5
Added Net: Name=K4
Added Pin To Net: NetName=K5 Pin=J6-1
Added Pin To Net: NetName=K5 Pin=U5-5
Added Net: Name=K5
Added Pin To Net: NetName=K6 Pin=J9-1
Added Pin To Net: NetName=K6 Pin=U6-5
Added Net: Name=K6
Added Pin To Net: NetName=K7 Pin=J11-1
Added Pin To Net: NetName=K7 Pin=U7-5
Added Net: Name=K7
Added Pin To Net: NetName=L Pin=J14-2
Added Pin To Net: NetName=L Pin=U1-3
Added Pin To Net: NetName=L Pin=U2-3
Added Pin To Net: NetName=L Pin=U3-3
Added Pin To Net: NetName=L Pin=U4-3
Added Pin To Net: NetName=L Pin=U5-3
Added Pin To Net: NetName=L Pin=U6-3
Added Pin To Net: NetName=L Pin=U7-3
Added Net: Name=L
Added Pin To Net: NetName=NetD4_1 Pin=D4-1
Added Pin To Net: NetName=NetD4_1 Pin=R3-1
Added Net: Name=NetD4_1
Added Pin To Net: NetName=NetD5_1 Pin=D5-1
Added Pin To Net: NetName=NetD5_1 Pin=R4-1
Added Net: Name=NetD5_1
Added Pin To Net: NetName=NetD6_1 Pin=D6-1
Added Pin To Net: NetName=NetD6_1 Pin=R5-1
Added Net: Name=NetD6_1
Added Pin To Net: NetName=NetD10_1 Pin=D10-1
Added Pin To Net: NetName=NetD10_1 Pin=R13-1
Added Net: Name=NetD10_1
Added Pin To Net: NetName=NetD11_1 Pin=D11-1
Added Pin To Net: NetName=NetD11_1 Pin=R14-1
Added Net: Name=NetD11_1
Added Pin To Net: NetName=NetD15_1 Pin=D15-1
Added Pin To Net: NetName=NetD15_1 Pin=R17-1
Added Net: Name=NetD15_1
Added Pin To Net: NetName=NetD16_1 Pin=D16-1
Added Pin To Net: NetName=NetD16_1 Pin=R18-1
Added Net: Name=NetD16_1
Added Pin To Net: NetName=NetQ1_1 Pin=Q1-1
Added Pin To Net: NetName=NetQ1_1 Pin=R1-1
Added Net: Name=NetQ1_1
Added Pin To Net: NetName=NetQ1_2 Pin=Q1-2
Added Pin To Net: NetName=NetQ1_2 Pin=Q2-3
Added Net: Name=NetQ1_2
Added Pin To Net: NetName=NetQ2_2 Pin=Q2-2
Added Pin To Net: NetName=NetQ2_2 Pin=R2-1
Added Net: Name=NetQ2_2
Added Pin To Net: NetName=NetQ3_1 Pin=Q3-1
Added Pin To Net: NetName=NetQ3_1 Pin=R9-1
Added Net: Name=NetQ3_1
Added Pin To Net: NetName=NetQ3_2 Pin=Q3-2
Added Pin To Net: NetName=NetQ3_2 Pin=Q4-3
Added Net: Name=NetQ3_2
Added Pin To Net: NetName=NetQ4_2 Pin=Q4-2
Added Pin To Net: NetName=NetQ4_2 Pin=R10-1
Added Net: Name=NetQ4_2
Added Pin To Net: NetName=NetQ5_1 Pin=Q5-1
Added Pin To Net: NetName=NetQ5_1 Pin=R11-1
Added Net: Name=NetQ5_1
Added Pin To Net: NetName=NetQ5_2 Pin=Q5-2
Added Pin To Net: NetName=NetQ5_2 Pin=Q6-3
Added Net: Name=NetQ5_2
Added Pin To Net: NetName=NetQ6_2 Pin=Q6-2
Added Pin To Net: NetName=NetQ6_2 Pin=R12-1
Added Net: Name=NetQ6_2
Added Pin To Net: NetName=NetQ7_1 Pin=Q7-1
Added Pin To Net: NetName=NetQ7_1 Pin=R19-1
Added Net: Name=NetQ7_1
Added Pin To Net: NetName=NetQ7_2 Pin=Q7-2
Added Pin To Net: NetName=NetQ7_2 Pin=Q8-3
Added Net: Name=NetQ7_2
Added Pin To Net: NetName=NetQ8_2 Pin=Q8-2
Added Pin To Net: NetName=NetQ8_2 Pin=R20-1
Added Net: Name=NetQ8_2
Added Pin To Net: NetName=NetQ9_1 Pin=Q9-1
Added Pin To Net: NetName=NetQ9_1 Pin=R21-1
Added Net: Name=NetQ9_1
Added Pin To Net: NetName=NetQ9_2 Pin=Q9-2
Added Pin To Net: NetName=NetQ9_2 Pin=Q10-3
Added Net: Name=NetQ9_2
Added Pin To Net: NetName=NetQ10_2 Pin=Q10-2
Added Pin To Net: NetName=NetQ10_2 Pin=R24-1
Added Net: Name=NetQ10_2
Added Pin To Net: NetName=NetQ11_1 Pin=Q11-1
Added Pin To Net: NetName=NetQ11_1 Pin=R25-1
Added Net: Name=NetQ11_1
Added Pin To Net: NetName=NetQ11_2 Pin=Q11-2
Added Pin To Net: NetName=NetQ11_2 Pin=Q12-3
Added Net: Name=NetQ11_2
Added Pin To Net: NetName=NetQ12_2 Pin=Q12-2
Added Pin To Net: NetName=NetQ12_2 Pin=R26-1
Added Net: Name=NetQ12_2
Added Pin To Net: NetName=NetQ13_1 Pin=Q13-1
Added Pin To Net: NetName=NetQ13_1 Pin=R27-1
Added Net: Name=NetQ13_1
Added Pin To Net: NetName=NetQ13_2 Pin=Q13-2
Added Pin To Net: NetName=NetQ13_2 Pin=Q14-3
Added Net: Name=NetQ13_2
Added Pin To Net: NetName=NetQ14_2 Pin=Q14-2
Added Pin To Net: NetName=NetQ14_2 Pin=R28-1
Added Net: Name=NetQ14_2
Added Pin To Net: NetName=NetR6_1 Pin=R6-1
Added Pin To Net: NetName=NetR6_1 Pin=U1-1
Added Net: Name=NetR6_1
Added Pin To Net: NetName=NetR7_1 Pin=R7-1
Added Pin To Net: NetName=NetR7_1 Pin=U4-1
Added Net: Name=NetR7_1
Added Pin To Net: NetName=NetR8_1 Pin=R8-1
Added Pin To Net: NetName=NetR8_1 Pin=U7-1
Added Net: Name=NetR8_1
Added Pin To Net: NetName=NetR15_1 Pin=R15-1
Added Pin To Net: NetName=NetR15_1 Pin=U2-1
Added Net: Name=NetR15_1
Added Pin To Net: NetName=NetR16_1 Pin=R16-1
Added Pin To Net: NetName=NetR16_1 Pin=U5-1
Added Net: Name=NetR16_1
Added Pin To Net: NetName=NetR22_1 Pin=R22-1
Added Pin To Net: NetName=NetR22_1 Pin=U3-1
Added Net: Name=NetR22_1
Added Pin To Net: NetName=NetR23_1 Pin=R23-1
Added Pin To Net: NetName=NetR23_1 Pin=U6-1
Added Net: Name=NetR23_1
Added Pin To Net: NetName=N Pin=J5-2
Added Pin To Net: NetName=N Pin=J6-2
Added Pin To Net: NetName=N Pin=J8-2
Added Pin To Net: NetName=N Pin=J9-2
Added Pin To Net: NetName=N Pin=J10-2
Added Pin To Net: NetName=N Pin=J11-2
Added Pin To Net: NetName=N Pin=J12-2
Added Pin To Net: NetName=N Pin=J14-1
Added Net: Name=N
Added Pin To Net: NetName=VCC Pin=C3-2
Added Pin To Net: NetName=VCC Pin=C4-2
Added Pin To Net: NetName=VCC Pin=J15-1
Added Pin To Net: NetName=VCC Pin=Q1-4
Added Pin To Net: NetName=VCC Pin=Q3-4
Added Pin To Net: NetName=VCC Pin=Q5-4
Added Pin To Net: NetName=VCC Pin=Q7-4
Added Pin To Net: NetName=VCC Pin=Q9-4
Added Pin To Net: NetName=VCC Pin=Q11-4
Added Pin To Net: NetName=VCC Pin=Q13-4
Added Net: Name=VCC
