Removed Pin From Net: NetName=NetQ1_1 Pin=R1-1
Removed Pin From Net: NetName=+15 Pin=R1-2
Removed Pin From Net: NetName=NetQ3_1 Pin=R9-1
Removed Pin From Net: NetName=+15 Pin=R9-2
Removed Pin From Net: NetName=NetQ5_1 Pin=R11-1
Removed Pin From Net: NetName=+15 Pin=R11-2
Removed Pin From Net: NetName=NetQ7_1 Pin=R19-1
Removed Pin From Net: NetName=+15 Pin=R19-2
Removed Pin From Net: NetName=NetQ9_1 Pin=R21-1
Removed Pin From Net: NetName=+15 Pin=R21-2
Removed Pin From Net: NetName=NetQ11_1 Pin=R27-1
Removed Pin From Net: NetName=+15 Pin=R27-2
Removed Pin From Net: NetName=+15 Pin=R30-1
Removed Pin From Net: NetName=NetQ13_1 Pin=R30-2
Added Component: Designator=R?(RESC3216X70X50NL05T20)
Add component (AddParameter): Name = "Manufacturer"; Value = "Panasonic"; VariantName = "[No Variations]"
Add component (AddParameter): Name = "Part Number"; Value = "ERJ-8GEY0R00V"; VariantName = "[No Variations]"
Added Component: Designator=R?(RESC3216X70X50NL05T20)
Add component (AddParameter): Name = "Manufacturer"; Value = "Panasonic"; VariantName = "[No Variations]"
Add component (AddParameter): Name = "Part Number"; Value = "ERJ-8GEY0R00V"; VariantName = "[No Variations]"
Added Component: Designator=R?(RESC3216X70X50NL05T20)
Add component (AddParameter): Name = "Manufacturer"; Value = "Panasonic"; VariantName = "[No Variations]"
Add component (AddParameter): Name = "Part Number"; Value = "ERJ-8GEY0R00V"; VariantName = "[No Variations]"
Added Component: Designator=R?(RESC3216X70X50NL05T20)
Add component (AddParameter): Name = "Manufacturer"; Value = "Panasonic"; VariantName = "[No Variations]"
Add component (AddParameter): Name = "Part Number"; Value = "ERJ-8GEY0R00V"; VariantName = "[No Variations]"
Added Component: Designator=R?(RESC3216X70X50NL05T20)
Add component (AddParameter): Name = "Manufacturer"; Value = "Panasonic"; VariantName = "[No Variations]"
Add component (AddParameter): Name = "Part Number"; Value = "ERJ-8GEY0R00V"; VariantName = "[No Variations]"
Added Component: Designator=R?(RESC3216X70X50NL05T20)
Add component (AddParameter): Name = "Manufacturer"; Value = "Panasonic"; VariantName = "[No Variations]"
Add component (AddParameter): Name = "Part Number"; Value = "ERJ-8GEY0R00V"; VariantName = "[No Variations]"
Added Component: Designator=R?(RESC3216X70X50NL05T20)
Add component (AddParameter): Name = "Manufacturer"; Value = "Panasonic"; VariantName = "[No Variations]"
Add component (AddParameter): Name = "Part Number"; Value = "ERJ-8GEY0R00V"; VariantName = "[No Variations]"
Added Pin To Net: NetName=NetQ1_1 Pin=R?-1
Added Pin To Net: NetName=NetQ3_1 Pin=R?-1
Added Pin To Net: NetName=NetQ5_1 Pin=R?-1
Added Pin To Net: NetName=NetQ7_1 Pin=R?-1
Added Pin To Net: NetName=NetQ9_1 Pin=R?-1
Added Pin To Net: NetName=NetQ11_1 Pin=R?-1
Added Pin To Net: NetName=NetQ13_1 Pin=R?-1
Added Pin To Net: NetName=+15 Pin=R?-2
Added Pin To Net: NetName=+15 Pin=R?-2
Added Pin To Net: NetName=+15 Pin=R?-2
Added Pin To Net: NetName=+15 Pin=R?-2
Added Pin To Net: NetName=+15 Pin=R?-2
Added Pin To Net: NetName=+15 Pin=R?-2
Added Pin To Net: NetName=+15 Pin=R?-2
